--------------------------------------------------------------------------------------
Timing Analyzer Summary
--------------------------------------------------------------------------------------

Type           : Worst-case tsu
Slack          : N/A
Required Time  : None
Actual Time    : 10.300 ns
From           : UART_RX2
To             : uartRx:instRX2|syncRx[0]
From Clock     : --
To Clock       : clk80MHz
Failed Paths   : 0

Type           : Worst-case tco
Slack          : N/A
Required Time  : None
Actual Time    : 24.900 ns
From           : UARTTXBIG:instTX4|dirRX
To             : UART_dRX4
From Clock     : clk100MHz
To Clock       : --
Failed Paths   : 0

Type           : Worst-case th
Slack          : N/A
Required Time  : None
Actual Time    : 0.400 ns
From           : UART_RX5
To             : uartRx:instRX5|syncRx[0]
From Clock     : --
To Clock       : clk80MHz
Failed Paths   : 0

Type           : Clock Setup: 'clk100MHz'
Slack          : N/A
Required Time  : None
Actual Time    : 52.08 MHz ( period = 19.200 ns )
From           : answerLCS:instTempRQ|enTemp
To             : newUart:instTX1|tx
From Clock     : clk100MHz
To Clock       : clk100MHz
Failed Paths   : 0

Type           : Clock Setup: 'clk80MHz'
Slack          : N/A
Required Time  : None
Actual Time    : 59.88 MHz ( period = 16.700 ns )
From           : uartRx:instRX2|cntStep[2]
To             : uartRx:instRX2|data[3]
From Clock     : clk80MHz
To Clock       : clk80MHz
Failed Paths   : 0

Type           : Clock Hold: 'clk100MHz'
Slack          : Not operational: Clock Skew > Data Delay
Required Time  : None
Actual Time    : N/A
From           : M16:instM16|RqFast
To             : UARTTXBIG:instTX5|rqsync[0]
From Clock     : clk100MHz
To Clock       : clk100MHz
Failed Paths   : 31

Type           : Total number of failed paths
Slack          : 
Required Time  : 
Actual Time    : 
From           : 
To             : 
From Clock     : 
To Clock       : 
Failed Paths   : 31

--------------------------------------------------------------------------------------

