--------------------------------------------------------------------------------------
Timing Analyzer Summary
--------------------------------------------------------------------------------------

Type           : Worst-case tsu
Slack          : N/A
Required Time  : None
Actual Time    : 5.400 ns
From           : UART_RX
To             : UART_RX:inst4|sync[0]
From Clock     : --
To Clock       : clk80MHz
Failed Paths   : 0

Type           : Worst-case tco
Slack          : N/A
Required Time  : None
Actual Time    : 21.200 ns
From           : M16:inst8|oOrbit
To             : orbFrame
From Clock     : clk100MHz
To Clock       : --
Failed Paths   : 0

Type           : Worst-case th
Slack          : N/A
Required Time  : None
Actual Time    : -3.200 ns
From           : UART_RX
To             : UART_RX:inst4|sync[0]
From Clock     : --
To Clock       : clk80MHz
Failed Paths   : 0

Type           : Clock Setup: 'clk100MHz'
Slack          : N/A
Required Time  : None
Actual Time    : 55.87 MHz ( period = 17.900 ns )
From           : M16:inst8|seq[1]
To             : M16:inst8|oAddr[3]
From Clock     : clk100MHz
To Clock       : clk100MHz
Failed Paths   : 0

Type           : Clock Setup: 'clk80MHz'
Slack          : N/A
Required Time  : None
Actual Time    : 66.67 MHz ( period = 15.000 ns )
From           : globalReset:inst1|lpm_counter:count_rtl_3|alt_counter_f10ke:wysi_counter|counter_cell[2]
To             : globalReset:inst1|lpm_counter:count_rtl_3|alt_counter_f10ke:wysi_counter|counter_cell[31]
From Clock     : clk80MHz
To Clock       : clk80MHz
Failed Paths   : 0

Type           : Clock Hold: 'clk100MHz'
Slack          : Not operational: Clock Skew > Data Delay
Required Time  : None
Actual Time    : N/A
From           : UARTTXBIG:inst9|dirTX
To             : UARTTXBIG:inst9|dirTX
From Clock     : clk100MHz
To Clock       : clk100MHz
Failed Paths   : 20

Type           : Total number of failed paths
Slack          : 
Required Time  : 
Actual Time    : 
From           : 
To             : 
From Clock     : 
To Clock       : 
Failed Paths   : 20

--------------------------------------------------------------------------------------

